hello stderr
WARNING: Use of undeclared Var cljs.user/not-symbol
Argument to in-ns must be a symbol.
Argument to in-ns must be a symbol.
          ^
WARNING: nfirst already refers to: cljs.core/nfirst being replaced by: foo.bar/nfirst at line 1 
Evaluating Expression
((2) + (3))
warn
error
nulltruea1[
 1,
 2
]{
 "foo": 1
}